// Jest Snapshot v1, https://goo.gl/fbAQLP

exports[`extractSource "named-blocks.js - options = { name: "Sample" }" 1`] = `
"class NamedBlocks extends React.PureComponent {
  }
"
`;

exports[`extractSource "named-blocks.js - options = { name: "imports" }" 1`] = `
"import React from 'react';
"
`;

exports[`extractSource "named-blocks.js - options = { name: "render" }" 1`] = `
"  render() {
    return <div>Sample</div>;
  }
  "
`;

exports[`extractSource "named-blocks.js - options = { name: undefined }" 1`] = `""`;

exports[`extractSource "simple.js" 1`] = `
"class Point {
}
"
`;

exports[`extractSource "strings-and-comments.js" 1`] = `""`;
