// Jest Snapshot v1, https://goo.gl/fbAQLP

exports[`extractSource "named-blocks.js - options = { fragment: "Sample" }" 1`] = `
"class NamedBlocks extends React.PureComponent {
  ...
}"
`;

exports[`extractSource "named-blocks.js - options = { fragment: "for-i-j" }" 1`] = `
"for(let i = 0; i < 10; i++) {
  for(let j = 0; j < 10; j++) {
    // some code
    ...
  }
}"
`;

exports[`extractSource "named-blocks.js - options = { fragment: "imports" }" 1`] = `"import React from 'react';"`;

exports[`extractSource "named-blocks.js - options = { fragment: "render" }" 1`] = `
"render() {
  return <div>Sample</div>;
}"
`;

exports[`extractSource "named-blocks.js - options = { fragment: undefined }" 1`] = `
"import React from 'react';

class NamedBlocks extends React.PureComponent {
  componentDidMount() {
    for(let i = 0; i < 10; i++) {
      for(let j = 0; j < 10; j++) {
        // some code
        console.log({ i, j })
      }
    }
    this.props.callback();
  }

  render() {
    return <div>Sample</div>;
  }
}"
`;

exports[`extractSource "named-blocks-chaos.js - options = { fragment: "Sample" }" 1`] = `
"class NamedBlocks extends React.PureComponent {
  ...
}"
`;

exports[`extractSource "named-blocks-chaos.js - options = { fragment: "for-i-j" }" 1`] = `
"for(let i = 0; i < 10; i++) {
  for(let j = 0; j < 10; j++) {
    // some code
    ...
  }
}"
`;

exports[`extractSource "named-blocks-chaos.js - options = { fragment: "imports" }" 1`] = `"import React from 'react';"`;

exports[`extractSource "named-blocks-chaos.js - options = { fragment: "render" }" 1`] = `
"render() {
  return <div>Sample</div>;
}"
`;

exports[`extractSource "named-blocks-chaos.js - options = { fragment: undefined }" 1`] = `
"import React from 'react';

class NamedBlocks extends React.PureComponent {
  componentDidMount() {
    for(let i = 0; i < 10; i++) {
      for(let j = 0; j < 10; j++) {
        // some code
        console.log({ i, j })
      }
    }
    this.props.callback();
  }

  render() {
    return <div>Sample</div>;
  }
}"
`;

exports[`extractSource "simple.js" 1`] = `
"class Point {
  ...
}"
`;

exports[`extractSource "strings-and-comments.js" 1`] = `
"/*
	Multi Line Comment
	Test test test
*/

// Single quote string
let str
str = 'abc'
str = '\\\\n'
str = '\\\\\\\\'
str = '\\\\\\\\\\\\\\\\'
str = '\\\\\\\\\\\\\\\\'
str = '\\"\\"\\"'
str = '\`\`\`'
str = ''
str = ' '
str = \\"'\\"
str = '\\"'
str = '\`'
str = '\\\\
'

// Double quote string
str = \\"abc\\"
str = \\"\\\\n\\"
str = \\"\\\\\\\\\\"
str = \\"\\\\\\\\\\\\\\\\\\"
str = \\"'''\\"
str = \\"\`\`\`\\"
str = \\"\\"
str = \\" \\"
str = \\"'\\"
str = \\"\\\\\\"\\"
str = \\"\`\\"
str = \\"\\\\
\\"

// Back tick string
str = \`abc\`
str = \`\\\\n\`
str = \`\\\\\\\\\`
str = \`\\\\\\\\\\\\\\\\\`
str = \`'''\`
str = \`\\"\\"\\"\`
str = \`\`
str = \` \`
str = \`'\`
str = \`\\"\`
str = \`\\\\\`\`
str = \`\\\\
\`
str = \`
\`"
`;
