// Jest Snapshot v1, https://goo.gl/fbAQLP

exports[`"transformMarkdown" 1`] = `
"## named-blocks.js#imports

[mdis]:# (./named-blocks.js#imports)
\`\`\`
import React from 'react';
\`\`\`

## named-blocks.js#render

[mdis]:# (./named-blocks.js#render)
\`\`\`js
render() {
  return <div>Sample</div>;
}
\`\`\`

## simple

[mdis]:# (./simple.js)
\`\`\`js
class Point {
  ...
}
\`\`\`

## RAW file

[mdis]:# (./raw.js)
\`\`\`js
const store = new Map();

class Raw {
  get (key) {
    return store.get(key);
  }
  set (key, value) {
    return store.set(key, value);
  }
}

export default Raw
\`\`\`

End.

"
`;
